# AGY 최종 비판 라운드 심사 완료 보고

재구축된 TETH 데모의 63개 실측 스크린샷과 스펙 정본(`UX_DECISION_LOG.md`, `UX_PAGE_SPEC.md`, `UX_STATE_MATRIX.md`)을 대조 심사하여 심사 보고서 작성을 완료했습니다.

### 주요 심사 요약
1. **P0 치명적 결함 (7건)**:
   - **이용 현황 산술 표기 모순**: `추가 사용 ₩25,000 - 상쇄 ₩15,000 = 청구 ₩9,000` (웰컴 크레딧 1,000원이 수식에서 누락되어 금융 앱 신뢰 파탄).
   - **미활성 뷰 활성화 블록 탈출 불가 버그**: `if(!(apiDone && cardDone))` 조건으로 인해 Bitget 연결을 완료해도 카드가 없으면 영구히 활성화 카드가 잔류하는 상업 상태 머신 파탄.
   - **초과 과금 계정 1차 CTA 하드코딩 오류**: 추가 사용료 상쇄를 위해 '거래소 연결'이 시급한 고과금 계정(Preset 06)에서 `primaryCTA`를 무시하고 '대표 전략 모의로 켜보기'를 1차 버튼으로 고정 표시.
   - **거래소 연결 완료 후 온보딩 잔류 및 허위 CTA**: 연결 완료 후에도 '약 1분', '자산 이동 없음'이 남고, 소유 전략이 0개인데 '터미널 열기' 버튼을 제공하여 빈 화면으로 유도.
   - **비트코인 5만원대 통화 표기 버그**: $84,559 BTC/USDT 차트 앞에 '마지막 봉 ₩52,276', '주문 ₩44,990'으로 원화 기호(₩)가 잘못 적용된 시세 표기.
   - **따라하기 설정 바텀시트 렌더링 증발**: `#/share/copy/:nick` 딥링크 진입 시 상세 재렌더링 레이스로 인해 바텀시트 DOM이 뜨지 않고 상세 화면에 갇히는 전환 단절.
   - **전략 유형 멘탈모델 위반**: 규칙형(`rule`) 전략 구동 터미널 피드에 'AI 판단 고정 fixture' 카드가 강제 주입되어 전략 유형 신뢰성 상실.

2. **6개 표면 완성도 평점**:
   - 게스트 뷰: **6 / 10**
   - 로그인 미활성 뷰: **4 / 10**
   - 터미널: **4 / 10**
   - 따라하기 리스트·상세·설정: **3 / 10**
   - 거래소 연결: **5 / 10**
   - 이용 현황·활성화 시트: **3 / 10**

3. **스크린샷 간 상태 불일치 (7건)** 및 **삭제만으로 해결되는 항목 (9건)** 정밀 정리 완료.

---
`C:/Users/hyun1/OneDrive/바탕 화면/tesia-lab fork 1/ux/review/AGY_FINAL.md` | P0: 7개
exit=0
